
> native-minute@0.1.0 mobile:sync:ios:staging
> npm run mobile:build:staging && CAPACITOR_PROFILE=staging npx cap sync ios


> native-minute@0.1.0 mobile:build:staging
> npm run build:staging --workspace @native-minute/mobile


> @native-minute/mobile@0.1.0 build:staging
> npm run typecheck && MOBILE_PROFILE=staging vite build


> @native-minute/mobile@0.1.0 typecheck
> npm run typecheck:source && npm run typecheck:tests


> @native-minute/mobile@0.1.0 typecheck:source
> tsc --noEmit -p tsconfig.json


> @native-minute/mobile@0.1.0 typecheck:tests
> tsc --noEmit -p tsconfig.test.json

vite v8.1.5 building client environment for production...
[2K
transforming...✓ 103 modules transformed.
rendering chunks...
computing gzip size...
dist/mobile-build.json            0.40 kB │ gzip:   0.28 kB
dist/index.html                   0.47 kB │ gzip:   0.30 kB
dist/assets/index-D5mjgFTS.css   56.97 kB │ gzip:   9.14 kB
dist/assets/web-DiKFBbFS.js       0.36 kB │ gzip:   0.24 kB
dist/assets/web-Dn-nFM-O.js       0.36 kB │ gzip:   0.24 kB
dist/assets/web-DaSTx8v9.js       8.45 kB │ gzip:   2.81 kB
dist/assets/index-kwc9wk2I.js   473.29 kB │ gzip: 131.11 kB

✓ built in 109ms
✔ Copying web assets from dist to ios/App/App/public in 3.34ms
✔ Creating capacitor.config.json in ios/App/App in 243.17μs
✔ copy ios in 14.98ms
✔ Updating iOS plugins in 1.01ms
[info] All Capacitor plugins have a Package.swift file and will be included in Package.swift
[info] Writing Package.swift
[info] Found 4 Capacitor plugins for ios:
       @capacitor/browser@8.0.4
       @capacitor/filesystem@8.1.3
       @capacitor/share@8.0.2
       native-minute-mobile-auth-session-store@0.1.0
✔ update ios in 11.75ms
[info] Sync finished in 0.038s
